warning: profiles for the non root package will be ignored, specify profiles at the workspace root:
package:   /Volumes/ExtData/alessioext/Dev/Aether-Vk/aethervk.core/cdylib/Cargo.toml
workspace: /Volumes/ExtData/alessioext/Dev/Aether-Vk/Cargo.toml
warning: profiles for the non root package will be ignored, specify profiles at the workspace root:
package:   /Volumes/ExtData/alessioext/Dev/Aether-Vk/aethervk.core/rlib/Cargo.toml
workspace: /Volumes/ExtData/alessioext/Dev/Aether-Vk/Cargo.toml
warning: /Volumes/ExtData/alessioext/Dev/Aether-Vk/aethervk.core/rlib/Cargo.toml: version requirement `0.4.0+sdk-1.4.341.0` for dependency `spirv` includes semver metadata which will be ignored, removing the metadata is recommended to avoid confusion
warning: /Volumes/ExtData/alessioext/Dev/Aether-Vk/aethervk.core/rlib/Cargo.toml: unused manifest key: profile.default.slow-timeout
warning: unused import: `alloc::string::String`
 --> external/gltf/gltf-json/src/extensions/accessor.rs:1:5
  |
1 | use alloc::string::String;
  |     ^^^^^^^^^^^^^^^^^^^^^
  |
  = note: `#[warn(unused_imports)]` (part of `#[warn(unused)]`) on by default

warning: unused import: `alloc::string::String`
 --> external/gltf/gltf-json/src/extensions/animation.rs:1:5
  |
1 | use alloc::string::String;
  |     ^^^^^^^^^^^^^^^^^^^^^

warning: unused import: `alloc::string::String`
 --> external/gltf/gltf-json/src/extensions/buffer.rs:1:5
  |
1 | use alloc::string::String;
  |     ^^^^^^^^^^^^^^^^^^^^^

warning: unused import: `alloc::string::String`
 --> external/gltf/gltf-json/src/extensions/camera.rs:1:5
  |
1 | use alloc::string::String;
  |     ^^^^^^^^^^^^^^^^^^^^^

warning: unused import: `alloc::string::String`
 --> external/gltf/gltf-json/src/extensions/image.rs:1:5
  |
1 | use alloc::string::String;
  |     ^^^^^^^^^^^^^^^^^^^^^

warning: unused import: `alloc::string::String`
 --> external/gltf/gltf-json/src/extensions/material.rs:3:5
  |
3 | use alloc::string::String;
  |     ^^^^^^^^^^^^^^^^^^^^^

warning: unused import: `alloc::string::String`
 --> external/gltf/gltf-json/src/extensions/mesh.rs:1:5
  |
1 | use alloc::string::String;
  |     ^^^^^^^^^^^^^^^^^^^^^

warning: unused import: `alloc::vec::Vec`
 --> external/gltf/gltf-json/src/extensions/mesh.rs:2:5
  |
2 | use alloc::vec::Vec;
  |     ^^^^^^^^^^^^^^^

warning: unused import: `alloc::string::String`
 --> external/gltf/gltf-json/src/extensions/root.rs:1:5
  |
1 | use alloc::string::String;
  |     ^^^^^^^^^^^^^^^^^^^^^

warning: unused import: `alloc::vec::Vec`
 --> external/gltf/gltf-json/src/extensions/root.rs:2:5
  |
2 | use alloc::vec::Vec;
  |     ^^^^^^^^^^^^^^^

warning: unused import: `alloc::string::String`
 --> external/gltf/gltf-json/src/extensions/scene.rs:1:5
  |
1 | use alloc::string::String;
  |     ^^^^^^^^^^^^^^^^^^^^^

warning: unused import: `alloc::string::String`
 --> external/gltf/gltf-json/src/extensions/skin.rs:1:5
  |
1 | use alloc::string::String;
  |     ^^^^^^^^^^^^^^^^^^^^^

warning: unused import: `alloc::string::String`
 --> external/gltf/gltf-json/src/extensions/texture.rs:3:5
  |
3 | use alloc::string::String;
  |     ^^^^^^^^^^^^^^^^^^^^^

warning: unused import: `core2::io`
 --> external/gltf/gltf-json/src/root.rs:8:5
  |
8 | use core2::io;
  |     ^^^^^^^^^

warning: `gltf-json` (lib) generated 14 warnings (run `cargo fix --lib -p gltf-json` to apply 14 suggestions)
warning: unexpected `cfg` condition value: `cargo-clippy`
 --> external/spirv-reflect/src/ffi.rs:4:13
  |
4 | #![cfg_attr(feature = "cargo-clippy", allow(clippy::unreadable_literal))]
  |             ^^^^^^^^^^^^^^^^^^^^^^^^
  |
  = note: expected values for `feature` are: `bindgen`, `default`, `generate_bindings`, and `std`
  = help: consider adding `cargo-clippy` as a feature in `Cargo.toml`
  = note: see <https://doc.rust-lang.org/nightly/rustc/check-cfg/cargo-specifics.html> for more information about checking conditional configuration
  = note: `#[warn(unexpected_cfgs)]` on by default

warning: unused imports: `String` and `ToString`
 --> external/spirv-reflect/src/convert.rs:6:14
  |
6 |     string::{String, ToString},
  |              ^^^^^^  ^^^^^^^^
  |
  = note: `#[warn(unused_imports)]` (part of `#[warn(unused)]`) on by default

warning: unused import: `num_traits::cast::FromPrimitive`
  --> external/spirv-reflect/src/convert.rs:10:5
   |
10 | use num_traits::cast::FromPrimitive;
   |     ^^^^^^^^^^^^^^^^^^^^^^^^^^^^^^^

warning: unused import: `num_traits::cast::FromPrimitive`
 --> external/spirv-reflect/src/types/op.rs:3:5
  |
3 | use num_traits::cast::FromPrimitive;
  |     ^^^^^^^^^^^^^^^^^^^^^^^^^^^^^^^

warning: unused import: `num_traits::cast::FromPrimitive`
  --> external/spirv-reflect/src/lib.rs:25:5
   |
25 | use num_traits::cast::FromPrimitive;
   |     ^^^^^^^^^^^^^^^^^^^^^^^^^^^^^^^

warning: unused import: `crate::constants::orientations::J2000`
  --> external/anise/anise/src/naif/kpl/parser.rs:15:5
   |
15 | use crate::constants::orientations::J2000;
   |     ^^^^^^^^^^^^^^^^^^^^^^^^^^^^^^^^^^^^^
   |
   = note: `#[warn(unused_imports)]` (part of `#[warn(unused)]`) on by default

warning: unused import: `crate::naif::kpl::tpc::TPCItem`
  --> external/anise/anise/src/naif/kpl/parser.rs:16:5
   |
16 | use crate::naif::kpl::tpc::TPCItem;
   |     ^^^^^^^^^^^^^^^^^^^^^^^^^^^^^^

warning: unused import: `crate::structure::planetocentric::ellipsoid::Ellipsoid`
  --> external/anise/anise/src/naif/kpl/parser.rs:17:5
   |
17 | use crate::structure::planetocentric::ellipsoid::Ellipsoid;
   |     ^^^^^^^^^^^^^^^^^^^^^^^^^^^^^^^^^^^^^^^^^^^^^^^^^^^^^^

warning: unused import: `crate::structure::planetocentric::phaseangle::PhaseAngle`
  --> external/anise/anise/src/naif/kpl/parser.rs:18:5
   |
18 | use crate::structure::planetocentric::phaseangle::PhaseAngle;
   |     ^^^^^^^^^^^^^^^^^^^^^^^^^^^^^^^^^^^^^^^^^^^^^^^^^^^^^^^^

warning: unused imports: `MAX_NUT_PREC_ANGLES` and `PlanetaryData`
  --> external/anise/anise/src/naif/kpl/parser.rs:19:40
   |
19 | use crate::structure::planetocentric::{PlanetaryData, MAX_NUT_PREC_ANGLES};
   |                                        ^^^^^^^^^^^^^  ^^^^^^^^^^^^^^^^^^^

warning: unused import: `num_traits::Euclid`
  --> external/anise/anise/src/structure/location.rs:10:5
   |
10 | use num_traits::Euclid;
   |     ^^^^^^^^^^^^^^^^^^

warning: unused import: `num_traits::Float`
 --> external/anise/anise/src/almanac/aer.rs:1:5
  |
1 | use num_traits::Float;
  |     ^^^^^^^^^^^^^^^^^

warning: unused import: `num_traits::Float`
  --> external/anise/anise/src/almanac/eclipse.rs:10:5
   |
10 | use num_traits::Float;
   |     ^^^^^^^^^^^^^^^^^

warning: unused import: `num_traits::Float`
  --> external/anise/anise/src/almanac/solar.rs:10:5
   |
10 | use num_traits::Float;
   |     ^^^^^^^^^^^^^^^^^

warning: unused import: `num_traits::Float`
  --> external/anise/anise/src/astro/utils.rs:10:5
   |
10 | use num_traits::Float;
   |     ^^^^^^^^^^^^^^^^^

warning: unused import: `num_traits::Float`
 --> external/anise/anise/src/astro/aberration.rs:1:5
  |
1 | use num_traits::Float;
  |     ^^^^^^^^^^^^^^^^^

warning: unused import: `num_traits::Float`
  --> external/anise/anise/src/astro/orbit.rs:10:5
   |
10 | use num_traits::Float;
   |     ^^^^^^^^^^^^^^^^^

warning: unused import: `num_traits::Float`
  --> external/anise/anise/src/astro/orbit_equinoctial.rs:10:5
   |
10 | use num_traits::Float;
   |     ^^^^^^^^^^^^^^^^^

warning: unused import: `num_traits::Float`
  --> external/anise/anise/src/astro/orbit_geodetic.rs:10:5
   |
10 | use num_traits::Float;
   |     ^^^^^^^^^^^^^^^^^

warning: unused import: `num_traits::Float`
  --> external/anise/anise/src/astro/orbit_mean_elements.rs:10:5
   |
10 | use num_traits::Float;
   |     ^^^^^^^^^^^^^^^^^

warning: unused import: `num_traits::Float`
  --> external/anise/anise/src/ephemerides/paths.rs:10:5
   |
10 | use num_traits::Float;
   |     ^^^^^^^^^^^^^^^^^

warning: unused import: `num_traits::Float`
  --> external/anise/anise/src/orientations/paths.rs:10:5
   |
10 | use num_traits::Float;
   |     ^^^^^^^^^^^^^^^^^

warning: unused import: `num_traits::Float`
  --> external/anise/anise/src/math/cartesian.rs:10:5
   |
10 | use num_traits::Float;
   |     ^^^^^^^^^^^^^^^^^

warning: unused import: `num_traits::Float`
  --> external/anise/anise/src/naif/daf/datatypes/lagrange.rs:10:5
   |
10 | use num_traits::Float;
   |     ^^^^^^^^^^^^^^^^^

warning: unused import: `num_traits::Float`
  --> external/anise/anise/src/structure/spacecraft/mass.rs:10:5
   |
10 | use num_traits::Float;
   |     ^^^^^^^^^^^^^^^^^

warning: unused import: `num_traits::Float`
  --> external/anise/anise/src/naif/mod.rs:10:5
   |
10 | use num_traits::Float;
   |     ^^^^^^^^^^^^^^^^^

warning: unused import: `num_traits::Float`
  --> external/anise/anise/src/math/interpolation/chebyshev.rs:10:5
   |
10 | use num_traits::Float;
   |     ^^^^^^^^^^^^^^^^^

warning: unused import: `num_traits::Float`
  --> external/anise/anise/src/math/interpolation/hermite.rs:10:5
   |
10 | use num_traits::Float;
   |     ^^^^^^^^^^^^^^^^^

warning: unused import: `num_traits::Float`
  --> external/anise/anise/src/math/interpolation/lagrange.rs:10:5
   |
10 | use num_traits::Float;
   |     ^^^^^^^^^^^^^^^^^

warning: unused import: `num_traits::Float`
  --> external/anise/anise/src/math/rotation/dcm.rs:10:5
   |
10 | use num_traits::Float;
   |     ^^^^^^^^^^^^^^^^^

warning: unused import: `num_traits::Float`
  --> external/anise/anise/src/math/rotation/mrp.rs:10:5
   |
10 | use num_traits::Float;
   |     ^^^^^^^^^^^^^^^^^

warning: unused import: `num_traits::Float`
  --> external/anise/anise/src/math/rotation/quaternion.rs:10:5
   |
10 | use num_traits::Float;
   |     ^^^^^^^^^^^^^^^^^

warning: unused import: `num_traits::Float`
  --> external/anise/anise/src/math/rotation/mod.rs:10:5
   |
10 | use num_traits::Float;
   |     ^^^^^^^^^^^^^^^^^

warning: unused import: `num_traits::Float`
  --> external/anise/anise/src/math/mod.rs:10:5
   |
10 | use num_traits::Float;
   |     ^^^^^^^^^^^^^^^^^

warning: unused import: `crate::naif::kpl::KPLItem`
  --> external/anise/anise/src/naif/kpl/parser.rs:22:5
   |
22 | use crate::naif::kpl::KPLItem;
   |     ^^^^^^^^^^^^^^^^^^^^^^^^^

warning: unused import: `ToString`
  --> external/anise/anise/src/naif/kpl/parser.rs:27:29
   |
27 | use alloc::string::{String, ToString};
   |                             ^^^^^^^^

warning: unused import: `num_traits::Float`
  --> external/anise/anise/src/structure/instrument/mod.rs:10:5
   |
10 | use num_traits::Float;
   |     ^^^^^^^^^^^^^^^^^

warning: unused import: `num_traits::Float`
 --> external/anise/anise/src/structure/planetocentric/mod.rs:1:5
  |
1 | use num_traits::Float;
  |     ^^^^^^^^^^^^^^^^^

warning: unused import: `num_traits::Float`
  --> external/anise/anise/src/structure/planetocentric/phaseangle.rs:10:5
   |
10 | use num_traits::Float;
   |     ^^^^^^^^^^^^^^^^^

warning: unused import: `num_traits::Float`
  --> external/anise/anise/src/structure/planetocentric/ellipsoid.rs:10:5
   |
10 | use num_traits::Float;
   |     ^^^^^^^^^^^^^^^^^

warning: unused import: `num_traits::Float`
  --> external/anise/anise/src/naif/daf/datatypes/hermite.rs:10:5
   |
10 | use num_traits::Float;
   |     ^^^^^^^^^^^^^^^^^

warning: unused variable: `time_scale`
   --> external/anise/anise/src/almanac/mod.rs:368:9
    |
368 |         time_scale: Option<TimeScale>,
    |         ^^^^^^^^^^ help: if this is intentional, prefix it with an underscore: `_time_scale`
    |
    = note: `#[warn(unused_variables)]` (part of `#[warn(unused)]`) on by default

warning: unused variable: `round_time`
   --> external/anise/anise/src/almanac/mod.rs:369:9
    |
369 |         round_time: Option<bool>,
    |         ^^^^^^^^^^ help: if this is intentional, prefix it with an underscore: `_round_time`

warning: unused variable: `spk_no`
   --> external/anise/anise/src/almanac/mod.rs:378:18
    |
378 |             for (spk_no, (alias, spk)) in self.spk_data.iter().rev().enumerate() {
    |                  ^^^^^^ help: if this is intentional, prefix it with an underscore: `_spk_no`

warning: unused variable: `alias`
   --> external/anise/anise/src/almanac/mod.rs:378:27
    |
378 |             for (spk_no, (alias, spk)) in self.spk_data.iter().rev().enumerate() {
    |                           ^^^^^ help: if this is intentional, prefix it with an underscore: `_alias`

warning: unused variable: `spk`
   --> external/anise/anise/src/almanac/mod.rs:378:34
    |
378 |             for (spk_no, (alias, spk)) in self.spk_data.iter().rev().enumerate() {
    |                                  ^^^ help: if this is intentional, prefix it with an underscore: `_spk`

warning: unused variable: `bpc_no`
   --> external/anise/anise/src/almanac/mod.rs:388:18
    |
388 |             for (bpc_no, (alias, bpc)) in self.bpc_data.iter().rev().enumerate() {
    |                  ^^^^^^ help: if this is intentional, prefix it with an underscore: `_bpc_no`

warning: unused variable: `alias`
   --> external/anise/anise/src/almanac/mod.rs:388:27
    |
388 |             for (bpc_no, (alias, bpc)) in self.bpc_data.iter().rev().enumerate() {
    |                           ^^^^^ help: if this is intentional, prefix it with an underscore: `_alias`

warning: unused variable: `bpc`
   --> external/anise/anise/src/almanac/mod.rs:388:34
    |
388 |             for (bpc_no, (alias, bpc)) in self.bpc_data.iter().rev().enumerate() {
    |                                  ^^^ help: if this is intentional, prefix it with an underscore: `_bpc`

warning: unused variable: `num`
   --> external/anise/anise/src/almanac/mod.rs:398:18
    |
398 |             for (num, (alias, data)) in self.planetary_data.iter().rev().enumerate() {
    |                  ^^^ help: if this is intentional, prefix it with an underscore: `_num`

warning: unused variable: `alias`
   --> external/anise/anise/src/almanac/mod.rs:398:24
    |
398 |             for (num, (alias, data)) in self.planetary_data.iter().rev().enumerate() {
    |                        ^^^^^ help: if this is intentional, prefix it with an underscore: `_alias`

warning: unused variable: `data`
   --> external/anise/anise/src/almanac/mod.rs:398:31
    |
398 |             for (num, (alias, data)) in self.planetary_data.iter().rev().enumerate() {
    |                               ^^^^ help: if this is intentional, prefix it with an underscore: `_data`

warning: unused variable: `num`
   --> external/anise/anise/src/almanac/mod.rs:408:18
    |
408 |             for (num, (alias, data)) in self.spacecraft_data.iter().rev().enumerate() {
    |                  ^^^ help: if this is intentional, prefix it with an underscore: `_num`

warning: unused variable: `alias`
   --> external/anise/anise/src/almanac/mod.rs:408:24
    |
408 |             for (num, (alias, data)) in self.spacecraft_data.iter().rev().enumerate() {
    |                        ^^^^^ help: if this is intentional, prefix it with an underscore: `_alias`

warning: unused variable: `data`
   --> external/anise/anise/src/almanac/mod.rs:408:31
    |
408 |             for (num, (alias, data)) in self.spacecraft_data.iter().rev().enumerate() {
    |                               ^^^^ help: if this is intentional, prefix it with an underscore: `_data`

warning: unused variable: `num`
   --> external/anise/anise/src/almanac/mod.rs:418:18
    |
418 |             for (num, (alias, data)) in self.euler_param_data.iter().rev().enumerate() {
    |                  ^^^ help: if this is intentional, prefix it with an underscore: `_num`

warning: unused variable: `alias`
   --> external/anise/anise/src/almanac/mod.rs:418:24
    |
418 |             for (num, (alias, data)) in self.euler_param_data.iter().rev().enumerate() {
    |                        ^^^^^ help: if this is intentional, prefix it with an underscore: `_alias`

warning: unused variable: `data`
   --> external/anise/anise/src/almanac/mod.rs:418:31
    |
418 |             for (num, (alias, data)) in self.euler_param_data.iter().rev().enumerate() {
    |                               ^^^^ help: if this is intentional, prefix it with an underscore: `_data`

warning: unused variable: `num`
   --> external/anise/anise/src/almanac/mod.rs:428:18
    |
428 |             for (num, (alias, data)) in self.location_data.iter().rev().enumerate() {
    |                  ^^^ help: if this is intentional, prefix it with an underscore: `_num`

warning: unused variable: `alias`
   --> external/anise/anise/src/almanac/mod.rs:428:24
    |
428 |             for (num, (alias, data)) in self.location_data.iter().rev().enumerate() {
    |                        ^^^^^ help: if this is intentional, prefix it with an underscore: `_alias`

warning: unused variable: `data`
   --> external/anise/anise/src/almanac/mod.rs:428:31
    |
428 |             for (num, (alias, data)) in self.location_data.iter().rev().enumerate() {
    |                               ^^^^ help: if this is intentional, prefix it with an underscore: `_data`

warning: unused variable: `time_scale`
  --> external/anise/anise/src/naif/pretty_print.rs:62:27
   |
62 |     fn describe_in(&self, time_scale: TimeScale, round: Option<bool>) -> String {
   |                           ^^^^^^^^^^ help: if this is intentional, prefix it with an underscore: `_time_scale`

warning: unused variable: `time_scale`
   --> external/anise/anise/src/naif/pretty_print.rs:114:27
    |
114 |     fn describe_in(&self, time_scale: TimeScale, round: Option<bool>) -> String {
    |                           ^^^^^^^^^^ help: if this is intentional, prefix it with an underscore: `_time_scale`

warning: fields `name`, `id`, `gm`, `pole_ra`, `pole_decl`, and `pm` are never read
   --> external/anise/anise/src/almanac/planetary.rs:140:5
    |
138 | struct PlanetaryRow {
    |        ------------ fields in this struct
139 |     #[cfg_attr(feature = "std", tabled(rename = "Name"))]
140 |     name: String,
    |     ^^^^
141 |     #[cfg_attr(feature = "std", tabled(rename = "ID"))]
142 |     id: String,
    |     ^^
143 |     #[cfg_attr(feature = "std", tabled(rename = "Gravity param (km^3/s^2)"))]
144 |     gm: String,
    |     ^^
...
152 |     pole_ra: String,
    |     ^^^^^^^
153 |     #[cfg_attr(feature = "std", tabled(rename = "Pole declination"))]
154 |     pole_decl: String,
    |     ^^^^^^^^^
155 |     #[cfg_attr(feature = "std", tabled(rename = "Prime meridian"))]
156 |     pm: String,
    |     ^^
    |
    = note: `#[warn(dead_code)]` (part of `#[warn(unused)]`) on by default

warning: associated function `daf_endian_str` is never used
  --> external/anise/anise/src/naif/mod.rs:70:19
   |
47 | impl Endian {
   | ----------- associated function in this implementation
...
70 |     pub(crate) fn daf_endian_str() -> [u8; 8] {
   |                   ^^^^^^^^^^^^^^

warning: associated function `spk` is never used
   --> external/anise/anise/src/naif/daf/file_record.rs:154:19
    |
 85 | impl FileRecord {
    | --------------- associated function in this implementation
...
154 |     pub(crate) fn spk(filename: &str) -> Self {
    |                   ^^^

warning: enum `BlockType` is never used
  --> external/anise/anise/src/naif/kpl/parser.rs:54:6
   |
54 | enum BlockType {
   |      ^^^^^^^^^

warning: multiple fields are never read
  --> external/anise/anise/src/structure/dataset/pretty_print.rs:18:5
   |
16 | struct EulerParamRow {
   |        ------------- fields in this struct
17 |     #[cfg_attr(feature = "std", tabled(rename = "Name"))]
18 |     name: String,
   |     ^^^^
19 |     #[cfg_attr(feature = "std", tabled(rename = "ID"))]
20 |     id: String,
   |     ^^
21 |     #[cfg_attr(feature = "std", tabled(rename = "Quat w"))]
22 |     qw: f64,
   |     ^^
23 |     #[cfg_attr(feature = "std", tabled(rename = "Quat x"))]
24 |     qx: f64,
   |     ^^
25 |     #[cfg_attr(feature = "std", tabled(rename = "Quat y"))]
26 |     qy: f64,
   |     ^^
27 |     #[cfg_attr(feature = "std", tabled(rename = "Quat z"))]
28 |     qz: f64,
   |     ^^
29 |     #[cfg_attr(feature = "std", tabled(rename = "To ID"))]
30 |     to: NaifId,
   |     ^^
31 |     #[cfg_attr(feature = "std", tabled(rename = "From ID"))]
32 |     from: NaifId,
   |     ^^^^

warning: multiple fields are never read
   --> external/anise/anise/src/structure/dataset/pretty_print.rs:90:5
    |
 88 | struct LocationRow {
    |        ----------- fields in this struct
 89 |     #[cfg_attr(feature = "std", tabled(rename = "Name"))]
 90 |     name: String,
    |     ^^^^
 91 |     #[cfg_attr(feature = "std", tabled(rename = "ID"))]
 92 |     id: String,
    |     ^^
 93 |     #[cfg_attr(feature = "std", tabled(rename = "Latitude (deg)"))]
 94 |     latitude_deg: f64,
    |     ^^^^^^^^^^^^
 95 |     #[cfg_attr(feature = "std", tabled(rename = "Longitude (deg)"))]
 96 |     longitude_deg: f64,
    |     ^^^^^^^^^^^^^
 97 |     #[cfg_attr(feature = "std", tabled(rename = "Height (km)"))]
 98 |     height_km: f64,
    |     ^^^^^^^^^
 99 |     #[cfg_attr(feature = "std", tabled(rename = "Terrain Mask ?"))]
100 |     has_terrain_mask: bool,
    |     ^^^^^^^^^^^^^^^^
101 |     #[cfg_attr(feature = "std", tabled(rename = "Terrain Mask Ignored"))]
102 |     terrain_mask_ignored: bool,
    |     ^^^^^^^^^^^^^^^^^^^^

warning: fields `name`, `id`, `mass`, `srp`, `drag`, and `inertia` are never read
   --> external/anise/anise/src/structure/spacecraft/mod.rs:138:5
    |
136 | struct SpacecraftRow {
    |        ------------- fields in this struct
137 |     #[cfg_attr(feature = "std", tabled(rename = "Name"))]
138 |     name: String,
    |     ^^^^
139 |     #[cfg_attr(feature = "std", tabled(rename = "ID"))]
140 |     id: String,
    |     ^^
141 |     #[cfg_attr(feature = "std", tabled(rename = "Mass"))]
142 |     mass: String,
    |     ^^^^
143 |     #[cfg_attr(feature = "std", tabled(rename = "SRP"))]
144 |     srp: String,
    |     ^^^
145 |     #[cfg_attr(feature = "std", tabled(rename = "Drag"))]
146 |     drag: String,
    |     ^^^^
147 |     #[cfg_attr(feature = "std", tabled(rename = "Inertia"))]
148 |     inertia: String,
    |     ^^^^^^^

warning: `spirv-reflect` (lib) generated 5 warnings (run `cargo fix --lib -p spirv-reflect` to apply 1 suggestion)
warning: `anise` (lib) generated 65 warnings (run `cargo fix --lib -p anise` to apply 28 suggestions)
   Compiling aethervk-core-rlib v0.1.0 (/Volumes/ExtData/alessioext/Dev/Aether-Vk/aethervk.core/rlib)
   Compiling aethervk-oshal-rlib v0.1.0 (/Volumes/ExtData/alessioext/Dev/Aether-Vk/aethervk.oshal/rlib)
warning: unused import: `alloc::string::String`
  --> external/gltf/src/accessor/mod.rs:60:5
   |
60 | use alloc::string::String;
   |     ^^^^^^^^^^^^^^^^^^^^^
   |
   = note: `#[warn(unused_imports)]` (part of `#[warn(unused)]`) on by default

warning: unused import: `alloc::string::String`
 --> external/gltf/src/animation/mod.rs:2:5
  |
2 | use alloc::string::String;
  |     ^^^^^^^^^^^^^^^^^^^^^

warning: unused import: `alloc::string::String`
 --> external/gltf/src/buffer.rs:1:5
  |
1 | use alloc::string::String;
  |     ^^^^^^^^^^^^^^^^^^^^^

warning: unused import: `alloc::vec::Vec`
 --> external/gltf/src/buffer.rs:2:5
  |
2 | use alloc::vec::Vec;
  |     ^^^^^^^^^^^^^^^

warning: unused import: `alloc::string::String`
 --> external/gltf/src/camera.rs:2:5
  |
2 | use alloc::string::String;
  |     ^^^^^^^^^^^^^^^^^^^^^

warning: unused import: `alloc::string::String`
 --> external/gltf/src/image.rs:3:5
  |
3 | use alloc::string::String;
  |     ^^^^^^^^^^^^^^^^^^^^^

warning: unused import: `alloc::vec::Vec`
 --> external/gltf/src/image.rs:4:5
  |
4 | use alloc::vec::Vec;
  |     ^^^^^^^^^^^^^^^

warning: unused import: `alloc::string::String`
 --> external/gltf/src/material.rs:2:5
  |
2 | use alloc::string::String;
  |     ^^^^^^^^^^^^^^^^^^^^^

warning: unused import: `alloc::string::String`
  --> external/gltf/src/mesh/mod.rs:60:5
   |
60 | use alloc::string::String;
   |     ^^^^^^^^^^^^^^^^^^^^^

warning: unused import: `alloc::string::String`
 --> external/gltf/src/scene/mod.rs:1:5
  |
1 | use alloc::string::String;
  |     ^^^^^^^^^^^^^^^^^^^^^

warning: unused import: `alloc::string::String`
 --> external/gltf/src/skin/mod.rs:1:5
  |
1 | use alloc::string::String;
  |     ^^^^^^^^^^^^^^^^^^^^^

warning: unused import: `alloc::string::String`
 --> external/gltf/src/texture.rs:2:5
  |
2 | use alloc::string::String;
  |     ^^^^^^^^^^^^^^^^^^^^^

warning: unused import: `alloc::string::String`
   --> external/gltf/src/lib.rs:149:5
    |
149 | use alloc::string::String;
    |     ^^^^^^^^^^^^^^^^^^^^^

warning: hiding a lifetime that's elided elsewhere is confusing
   --> external/gltf/src/lib.rs:351:22
    |
351 |     pub fn accessors(&self) -> iter::Accessors {
    |                      ^^^^^     ^^^^^^^^^^^^^^^ the same lifetime is hidden here
    |                      |
    |                      the lifetime is elided here
    |
    = help: the same lifetime is referred to in inconsistent ways, making the signature confusing
    = note: `#[warn(mismatched_lifetime_syntaxes)]` on by default
help: use `'_` for type paths
    |
351 |     pub fn accessors(&self) -> iter::Accessors<'_> {
    |                                               ++++

warning: hiding a lifetime that's elided elsewhere is confusing
   --> external/gltf/src/lib.rs:359:23
    |
359 |     pub fn animations(&self) -> iter::Animations {
    |                       ^^^^^     ^^^^^^^^^^^^^^^^ the same lifetime is hidden here
    |                       |
    |                       the lifetime is elided here
    |
    = help: the same lifetime is referred to in inconsistent ways, making the signature confusing
help: use `'_` for type paths
    |
359 |     pub fn animations(&self) -> iter::Animations<'_> {
    |                                                 ++++

warning: hiding a lifetime that's elided elsewhere is confusing
   --> external/gltf/src/lib.rs:367:20
    |
367 |     pub fn buffers(&self) -> iter::Buffers {
    |                    ^^^^^     ^^^^^^^^^^^^^ the same lifetime is hidden here
    |                    |
    |                    the lifetime is elided here
    |
    = help: the same lifetime is referred to in inconsistent ways, making the signature confusing
help: use `'_` for type paths
    |
367 |     pub fn buffers(&self) -> iter::Buffers<'_> {
    |                                           ++++

warning: hiding a lifetime that's elided elsewhere is confusing
   --> external/gltf/src/lib.rs:375:20
    |
375 |     pub fn cameras(&self) -> iter::Cameras {
    |                    ^^^^^     ^^^^^^^^^^^^^ the same lifetime is hidden here
    |                    |
    |                    the lifetime is elided here
    |
    = help: the same lifetime is referred to in inconsistent ways, making the signature confusing
help: use `'_` for type paths
    |
375 |     pub fn cameras(&self) -> iter::Cameras<'_> {
    |                                           ++++

warning: hiding a lifetime that's elided elsewhere is confusing
   --> external/gltf/src/lib.rs:383:26
    |
383 |     pub fn default_scene(&self) -> Option<Scene> {
    |                          ^^^^^            ^^^^^ the same lifetime is hidden here
    |                          |
    |                          the lifetime is elided here
    |
    = help: the same lifetime is referred to in inconsistent ways, making the signature confusing
help: use `'_` for type paths
    |
383 |     pub fn default_scene(&self) -> Option<Scene<'_>> {
    |                                                ++++

warning: hiding a lifetime that's elided elsewhere is confusing
   --> external/gltf/src/lib.rs:391:28
    |
391 |     pub fn extensions_used(&self) -> iter::ExtensionsUsed {
    |                            ^^^^^     ^^^^^^^^^^^^^^^^^^^^ the same lifetime is hidden here
    |                            |
    |                            the lifetime is elided here
    |
    = help: the same lifetime is referred to in inconsistent ways, making the signature confusing
help: use `'_` for type paths
    |
391 |     pub fn extensions_used(&self) -> iter::ExtensionsUsed<'_> {
    |                                                          ++++

warning: hiding a lifetime that's elided elsewhere is confusing
   --> external/gltf/src/lib.rs:396:32
    |
396 |     pub fn extensions_required(&self) -> iter::ExtensionsRequired {
    |                                ^^^^^     ^^^^^^^^^^^^^^^^^^^^^^^^ the same lifetime is hidden here
    |                                |
    |                                the lifetime is elided here
    |
    = help: the same lifetime is referred to in inconsistent ways, making the signature confusing
help: use `'_` for type paths
    |
396 |     pub fn extensions_required(&self) -> iter::ExtensionsRequired<'_> {
    |                                                                  ++++

warning: hiding a lifetime that's elided elsewhere is confusing
   --> external/gltf/src/lib.rs:401:19
    |
401 |     pub fn images(&self) -> iter::Images {
    |                   ^^^^^     ^^^^^^^^^^^^ the same lifetime is hidden here
    |                   |
    |                   the lifetime is elided here
    |
    = help: the same lifetime is referred to in inconsistent ways, making the signature confusing
help: use `'_` for type paths
    |
401 |     pub fn images(&self) -> iter::Images<'_> {
    |                                         ++++

warning: hiding a lifetime that's elided elsewhere is confusing
   --> external/gltf/src/lib.rs:467:22
    |
467 |     pub fn materials(&self) -> iter::Materials {
    |                      ^^^^^     ^^^^^^^^^^^^^^^ the same lifetime is hidden here
    |                      |
    |                      the lifetime is elided here
    |
    = help: the same lifetime is referred to in inconsistent ways, making the signature confusing
help: use `'_` for type paths
    |
467 |     pub fn materials(&self) -> iter::Materials<'_> {
    |                                               ++++

warning: hiding a lifetime that's elided elsewhere is confusing
   --> external/gltf/src/lib.rs:475:19
    |
475 |     pub fn meshes(&self) -> iter::Meshes {
    |                   ^^^^^     ^^^^^^^^^^^^ the same lifetime is hidden here
    |                   |
    |                   the lifetime is elided here
    |
    = help: the same lifetime is referred to in inconsistent ways, making the signature confusing
help: use `'_` for type paths
    |
475 |     pub fn meshes(&self) -> iter::Meshes<'_> {
    |                                         ++++

warning: hiding a lifetime that's elided elsewhere is confusing
   --> external/gltf/src/lib.rs:483:18
    |
483 |     pub fn nodes(&self) -> iter::Nodes {
    |                  ^^^^^     ^^^^^^^^^^^ the same lifetime is hidden here
    |                  |
    |                  the lifetime is elided here
    |
    = help: the same lifetime is referred to in inconsistent ways, making the signature confusing
help: use `'_` for type paths
    |
483 |     pub fn nodes(&self) -> iter::Nodes<'_> {
    |                                       ++++

warning: hiding a lifetime that's elided elsewhere is confusing
   --> external/gltf/src/lib.rs:491:21
    |
491 |     pub fn samplers(&self) -> iter::Samplers {
    |                     ^^^^^     ^^^^^^^^^^^^^^ the same lifetime is hidden here
    |                     |
    |                     the lifetime is elided here
    |
    = help: the same lifetime is referred to in inconsistent ways, making the signature confusing
help: use `'_` for type paths
    |
491 |     pub fn samplers(&self) -> iter::Samplers<'_> {
    |                                             ++++

warning: hiding a lifetime that's elided elsewhere is confusing
   --> external/gltf/src/lib.rs:499:19
    |
499 |     pub fn scenes(&self) -> iter::Scenes {
    |                   ^^^^^     ^^^^^^^^^^^^ the same lifetime is hidden here
    |                   |
    |                   the lifetime is elided here
    |
    = help: the same lifetime is referred to in inconsistent ways, making the signature confusing
help: use `'_` for type paths
    |
499 |     pub fn scenes(&self) -> iter::Scenes<'_> {
    |                                         ++++

warning: hiding a lifetime that's elided elsewhere is confusing
   --> external/gltf/src/lib.rs:507:18
    |
507 |     pub fn skins(&self) -> iter::Skins {
    |                  ^^^^^     ^^^^^^^^^^^ the same lifetime is hidden here
    |                  |
    |                  the lifetime is elided here
    |
    = help: the same lifetime is referred to in inconsistent ways, making the signature confusing
help: use `'_` for type paths
    |
507 |     pub fn skins(&self) -> iter::Skins<'_> {
    |                                       ++++

warning: hiding a lifetime that's elided elsewhere is confusing
   --> external/gltf/src/lib.rs:515:21
    |
515 |     pub fn textures(&self) -> iter::Textures {
    |                     ^^^^^     ^^^^^^^^^^^^^^ the same lifetime is hidden here
    |                     |
    |                     the lifetime is elided here
    |
    = help: the same lifetime is referred to in inconsistent ways, making the signature confusing
help: use `'_` for type paths
    |
515 |     pub fn textures(&self) -> iter::Textures<'_> {
    |                                             ++++

warning: hiding a lifetime that's elided elsewhere is confusing
   --> external/gltf/src/lib.rs:524:18
    |
524 |     pub fn views(&self) -> iter::Views {
    |                  ^^^^^     ^^^^^^^^^^^ the same lifetime is hidden here
    |                  |
    |                  the lifetime is elided here
    |
    = help: the same lifetime is referred to in inconsistent ways, making the signature confusing
help: use `'_` for type paths
    |
524 |     pub fn views(&self) -> iter::Views<'_> {
    |                                       ++++

warning: hiding a lifetime that's elided elsewhere is confusing
  --> external/gltf/src/camera.rs:80:23
   |
80 |     pub fn projection(&self) -> Projection {
   |                       ^^^^^     ^^^^^^^^^^ the same lifetime is hidden here
   |                       |
   |                       the lifetime is elided here
   |
   = help: the same lifetime is referred to in inconsistent ways, making the signature confusing
help: use `'_` for type paths
   |
80 |     pub fn projection(&self) -> Projection<'_> {
   |                                           ++++

warning: `gltf` (lib) generated 30 warnings (run `cargo fix --lib -p gltf` to apply 30 suggestions)
warning: unused import: `arch::asm`
 --> aethervk.oshal/rlib/src/math.rs:1:12
  |
1 | use core::{arch::asm, cmp, ops};
  |            ^^^^^^^^^
  |
  = note: `#[warn(unused_imports)]` (part of `#[warn(unused)]`) on by default

warning: unused imports: `mem::MaybeUninit` and `ptr::NonNull`
 --> aethervk.oshal/rlib/src/os/memory.rs:3:39
  |
3 | use core::{alloc::Layout, cell::Cell, mem::MaybeUninit, ptr::NonNull};
  |                                       ^^^^^^^^^^^^^^^^  ^^^^^^^^^^^^

warning: use of deprecated function `libc::_NSGetExecutablePath`: Use the `mach2` crate instead
   --> aethervk.oshal/rlib/src/os/fs.rs:520:13
    |
520 |       libc::_NSGetExecutablePath(core::ptr::null_mut(), &mut buf_size)
    |             ^^^^^^^^^^^^^^^^^^^^
    |
    = note: `#[warn(deprecated)]` on by default

warning: use of deprecated function `libc::_NSGetExecutablePath`: Use the `mach2` crate instead
   --> aethervk.oshal/rlib/src/os/fs.rs:529:33
    |
529 |     let result = unsafe { libc::_NSGetExecutablePath(buffer.as_mut_ptr(), &mut buf_size) };
    |                                 ^^^^^^^^^^^^^^^^^^^^

warning: unused import: `floating::FloatOps`
 --> aethervk.oshal/rlib/src/math/matrix/mat3.rs:4:3
  |
4 |   floating::FloatOps,
  |   ^^^^^^^^^^^^^^^^^^

warning: variable does not need to be mutable
   --> aethervk.oshal/rlib/src/math/quaternion.rs:167:12
    |
167 |   fn slerp(mut a: Self, b: Self, t: Self::Scalar) -> Self
    |            ----^
    |            |
    |            help: remove this `mut`
    |
    = note: `#[warn(unused_mut)]` (part of `#[warn(unused)]`) on by default

warning: unused variable: `name_c`
   --> aethervk.oshal/rlib/src/os/thread.rs:125:13
    |
125 |         let name_c = alloc::ffi::CString::new(name).unwrap();
    |             ^^^^^^ help: if this is intentional, prefix it with an underscore: `_name_c`
    |
    = note: `#[warn(unused_variables)]` (part of `#[warn(unused)]`) on by default

warning: field `m_start` is never read
  --> aethervk.oshal/rlib/src/os/time.rs:47:3
   |
36 | pub struct TimeInfo {
   |            -------- field in this struct
...
47 |   m_start: timeus_t,
   |   ^^^^^^^
   |
   = note: `#[warn(dead_code)]` (part of `#[warn(unused)]`) on by default

warning: field `v` is never read
   --> aethervk.oshal/rlib/src/lib.rs:250:5
    |
246 |   pub struct Key<T>
    |              --- field in this struct
...
250 |     v: u64,
    |     ^

warning: associated function `new` is never used
   --> aethervk.oshal/rlib/src/lib.rs:258:8
    |
254 | /   impl<T> Key<T>
255 | |   where
256 | |     T: Hash,
    | |____________- associated function in this implementation
257 |     {
258 |       fn new(value: &T) -> Self {
    |          ^^^

warning: `aethervk-oshal-rlib` (lib) generated 10 warnings (run `cargo fix --lib -p aethervk-oshal-rlib` to apply 4 suggestions)
error: unexpected closing delimiter: `}`
   --> aethervk.core/rlib/src/gpu_backends/vulkan/device/test_render.rs:443:5
    |
246 | fn test_render_all_archetypes_windowless() {
    |                                            - this opening brace...
...
441 | }
    | - ...matches this closing brace
442 |
443 |     }
    |     ^ unexpected closing delimiter

error: could not compile `aethervk-core-rlib` (lib test) due to 1 previous error
